-1
-1
-10
-10
-100
-107
-107
-109
-114
-116
-116
-120
-121
-121
-121
-123
-127
-128
-14
-14
-18
-19
-20
-22
-27
-27
-3
-30
-30
-31
-32
-33
-33
-34
-36
-36
-38
-38
-39
-4
-40
-41
-46
-47
-5
-5
-53
-58
-64
-65
-65
-67
-68
-71
-73
-75
-76
-77
-77
-80
-81
-82
-82
-83
-84
-84
-86
-86
-95
-95
-97
1
10
101
101
102
103
107
108
109
109
111
112
114
114
115
117
120
121
123
124
126
15
16
16
19
19
19
19
2
2
2
24
25
27
27
28
29
29
29
30
31
33
35
4
4
43
43
47
49
5
52
55
57
58
6
6
60
60
70
71
72
75
78
8
81
84
84
85
86
86
89
89
89
90
91
95
95
96
99
