-1
-1
-1
-10
-10
-100
-103
-107
-107
-107
-109
-109
-114
-114
-116
-116
-116
-120
-121
-121
-121
-123
-127
-128
-14
-14
-18
-19
-19
-2
-20
-22
-23
-27
-27
-27
-29
-3
-30
-30
-31
-32
-33
-33
-34
-36
-36
-36
-38
-38
-39
-4
-4
-40
-41
-46
-47
-47
-5
-5
-53
-55
-58
-6
-61
-64
-65
-65
-67
-68
-69
-71
-73
-73
-75
-75
-76
-76
-77
-77
-79
-80
-81
-81
-82
-82
-83
-84
-84
-86
-86
-95
-95
-96
-97
1
10
101
101
102
103
107
108
109
109
109
111
112
112
114
114
115
116
117
120
120
120
121
123
124
125
125
126
13
15
16
16
18
19
19
19
19
2
2
2
24
25
25
27
27
28
29
29
29
30
31
33
35
35
36
4
4
43
43
44
47
47
49
5
50
52
55
57
58
6
6
60
60
61
69
70
70
71
72
72
75
76
76
77
78
8
81
83
83
84
84
85
86
86
88
89
89
89
90
91
92
95
95
96
99
